// Jest Snapshot v1, https://goo.gl/fbAQLP

exports[`Header should be rendered 1`] = `
<div>
  <div
    className="MuiGrid-root MuiGrid-container"
  >
    <div
      className="MuiGrid-root MuiGrid-item MuiGrid-grid-xs-12"
    >
      <div
        className="MuiPaper-root MuiPaper-elevation1 MuiPaper-rounded"
      >
        <header>
          <ul>
            <li>
              Chat 1
            </li>
            <li>
              Chat 2
            </li>
          </ul>
        </header>
      </div>
    </div>
  </div>
</div>
`;
